exports[`Rendering DropCabinMenu  Should create an snapshot for DropCabinMenu 1`] = `
initialize {
  "0": Object {
    "attribs": Object {},
    "children": Array [
      Object {
        "attribs": Object {
          "aria-expanded": "false",
          "class": "ui fluid dropdown",
          "role": "listbox",
          "tabindex": "0",
        },
        "children": Array [
          Object {
            "attribs": Object {
              "class": "text",
            },
            "children": Array [
              Object {
                "data": "Economy",
                "next": null,
                "parent": [Circular],
                "prev": null,
                "type": "text",
              },
            ],
            "name": "div",
            "next": Object {
              "attribs": Object {
                "aria-hidden": "true",
                "class": "dropdown icon",
              },
              "children": Array [],
              "name": "i",
              "next": Object {
                "attribs": Object {
                  "class": "menu transition",
                },
                "children": Array [
                  Object {
                    "attribs": Object {
                      "class": "item",
                      "role": "option",
                    },
                    "children": Array [
                      Object {
                        "data": "Economy",
                        "next": null,
                        "parent": [Circular],
                        "prev": null,
                        "type": "text",
                      },
                    ],
                    "name": "div",
                    "next": Object {
                      "attribs": Object {
                        "class": "item",
                        "role": "option",
                      },
                      "children": Array [
                        Object {
                          "data": "Premium-Economy",
                          "next": null,
                          "parent": [Circular],
                          "prev": null,
                          "type": "text",
                        },
                      ],
                      "name": "div",
                      "next": Object {
                        "attribs": Object {
                          "class": "item",
                          "role": "option",
                        },
                        "children": Array [
                          Object {
                            "data": "Business",
                            "next": null,
                            "parent": [Circular],
                            "prev": null,
                            "type": "text",
                          },
                        ],
                        "name": "div",
                        "next": Object {
                          "attribs": Object {
                            "class": "item",
                            "role": "option",
                          },
                          "children": Array [
                            Object {
                              "data": "First",
                              "next": null,
                              "parent": [Circular],
                              "prev": null,
                              "type": "text",
                            },
                          ],
                          "name": "div",
                          "next": null,
                          "parent": [Circular],
                          "prev": [Circular],
                          "type": "tag",
                        },
                        "parent": [Circular],
                        "prev": [Circular],
                        "type": "tag",
                      },
                      "parent": [Circular],
                      "prev": [Circular],
                      "type": "tag",
                    },
                    "parent": [Circular],
                    "prev": null,
                    "type": "tag",
                  },
                  Object {
                    "attribs": Object {
                      "class": "item",
                      "role": "option",
                    },
                    "children": Array [
                      Object {
                        "data": "Premium-Economy",
                        "next": null,
                        "parent": [Circular],
                        "prev": null,
                        "type": "text",
                      },
                    ],
                    "name": "div",
                    "next": Object {
                      "attribs": Object {
                        "class": "item",
                        "role": "option",
                      },
                      "children": Array [
                        Object {
                          "data": "Business",
                          "next": null,
                          "parent": [Circular],
                          "prev": null,
                          "type": "text",
                        },
                      ],
                      "name": "div",
                      "next": Object {
                        "attribs": Object {
                          "class": "item",
                          "role": "option",
                        },
                        "children": Array [
                          Object {
                            "data": "First",
                            "next": null,
                            "parent": [Circular],
                            "prev": null,
                            "type": "text",
                          },
                        ],
                        "name": "div",
                        "next": null,
                        "parent": [Circular],
                        "prev": [Circular],
                        "type": "tag",
                      },
                      "parent": [Circular],
                      "prev": [Circular],
                      "type": "tag",
                    },
                    "parent": [Circular],
                    "prev": Object {
                      "attribs": Object {
                        "class": "item",
                        "role": "option",
                      },
                      "children": Array [
                        Object {
                          "data": "Economy",
                          "next": null,
                          "parent": [Circular],
                          "prev": null,
                          "type": "text",
                        },
                      ],
                      "name": "div",
                      "next": [Circular],
                      "parent": [Circular],
                      "prev": null,
                      "type": "tag",
                    },
                    "type": "tag",
                  },
                  Object {
                    "attribs": Object {
                      "class": "item",
                      "role": "option",
                    },
                    "children": Array [
                      Object {
                        "data": "Business",
                        "next": null,
                        "parent": [Circular],
                        "prev": null,
                        "type": "text",
                      },
                    ],
                    "name": "div",
                    "next": Object {
                      "attribs": Object {
                        "class": "item",
                        "role": "option",
                      },
                      "children": Array [
                        Object {
                          "data": "First",
                          "next": null,
                          "parent": [Circular],
                          "prev": null,
                          "type": "text",
                        },
                      ],
                      "name": "div",
                      "next": null,
                      "parent": [Circular],
                      "prev": [Circular],
                      "type": "tag",
                    },
                    "parent": [Circular],
                    "prev": Object {
                      "attribs": Object {
                        "class": "item",
                        "role": "option",
                      },
                      "children": Array [
                        Object {
                          "data": "Premium-Economy",
                          "next": null,
                          "parent": [Circular],
                          "prev": null,
                          "type": "text",
                        },
                      ],
                      "name": "div",
                      "next": [Circular],
                      "parent": [Circular],
                      "prev": Object {
                        "attribs": Object {
                          "class": "item",
                          "role": "option",
                        },
                        "children": Array [
                          Object {
                            "data": "Economy",
                            "next": null,
                            "parent": [Circular],
                            "prev": null,
                            "type": "text",
                          },
                        ],
                        "name": "div",
                        "next": [Circular],
                        "parent": [Circular],
                        "prev": null,
                        "type": "tag",
                      },
                      "type": "tag",
                    },
                    "type": "tag",
                  },
                  Object {
                    "attribs": Object {
                      "class": "item",
                      "role": "option",
                    },
                    "children": Array [
                      Object {
                        "data": "First",
                        "next": null,
                        "parent": [Circular],
                        "prev": null,
                        "type": "text",
                      },
                    ],
                    "name": "div",
                    "next": null,
                    "parent": [Circular],
                    "prev": Object {
                      "attribs": Object {
                        "class": "item",
                        "role": "option",
                      },
                      "children": Array [
                        Object {
                          "data": "Business",
                          "next": null,
                          "parent": [Circular],
                          "prev": null,
                          "type": "text",
                        },
                      ],
                      "name": "div",
                      "next": [Circular],
                      "parent": [Circular],
                      "prev": Object {
                        "attribs": Object {
                          "class": "item",
                          "role": "option",
                        },
                        "children": Array [
                          Object {
                            "data": "Premium-Economy",
                            "next": null,
                            "parent": [Circular],
                            "prev": null,
                            "type": "text",
                          },
                        ],
                        "name": "div",
                        "next": [Circular],
                        "parent": [Circular],
                        "prev": Object {
                          "attribs": Object {
                            "class": "item",
                            "role": "option",
                          },
                          "children": Array [
                            Object {
                              "data": "Economy",
                              "next": null,
                              "parent": [Circular],
                              "prev": null,
                              "type": "text",
                            },
                          ],
                          "name": "div",
                          "next": [Circular],
                          "parent": [Circular],
                          "prev": null,
                          "type": "tag",
                        },
                        "type": "tag",
                      },
                      "type": "tag",
                    },
                    "type": "tag",
                  },
                ],
                "name": "div",
                "next": null,
                "parent": [Circular],
                "prev": [Circular],
                "type": "tag",
              },
              "parent": [Circular],
              "prev": [Circular],
              "type": "tag",
            },
            "parent": [Circular],
            "prev": null,
            "type": "tag",
          },
          Object {
            "attribs": Object {
              "aria-hidden": "true",
              "class": "dropdown icon",
            },
            "children": Array [],
            "name": "i",
            "next": Object {
              "attribs": Object {
                "class": "menu transition",
              },
              "children": Array [
                Object {
                  "attribs": Object {
                    "class": "item",
                    "role": "option",
                  },
                  "children": Array [
                    Object {
                      "data": "Economy",
                      "next": null,
                      "parent": [Circular],
                      "prev": null,
                      "type": "text",
                    },
                  ],
                  "name": "div",
                  "next": Object {
                    "attribs": Object {
                      "class": "item",
                      "role": "option",
                    },
                    "children": Array [
                      Object {
                        "data": "Premium-Economy",
                        "next": null,
                        "parent": [Circular],
                        "prev": null,
                        "type": "text",
                      },
                    ],
                    "name": "div",
                    "next": Object {
                      "attribs": Object {
                        "class": "item",
                        "role": "option",
                      },
                      "children": Array [
                        Object {
                          "data": "Business",
                          "next": null,
                          "parent": [Circular],
                          "prev": null,
                          "type": "text",
                        },
                      ],
                      "name": "div",
                      "next": Object {
                        "attribs": Object {
                          "class": "item",
                          "role": "option",
                        },
                        "children": Array [
                          Object {
                            "data": "First",
                            "next": null,
                            "parent": [Circular],
                            "prev": null,
                            "type": "text",
                          },
                        ],
                        "name": "div",
                        "next": null,
                        "parent": [Circular],
                        "prev": [Circular],
                        "type": "tag",
                      },
                      "parent": [Circular],
                      "prev": [Circular],
                      "type": "tag",
                    },
                    "parent": [Circular],
                    "prev": [Circular],
                    "type": "tag",
                  },
                  "parent": [Circular],
                  "prev": null,
                  "type": "tag",
                },
                Object {
                  "attribs": Object {
                    "class": "item",
                    "role": "option",
                  },
                  "children": Array [
                    Object {
                      "data": "Premium-Economy",
                      "next": null,
                      "parent": [Circular],
                      "prev": null,
                      "type": "text",
                    },
                  ],
                  "name": "div",
                  "next": Object {
                    "attribs": Object {
                      "class": "item",
                      "role": "option",
                    },
                    "children": Array [
                      Object {
                        "data": "Business",
                        "next": null,
                        "parent": [Circular],
                        "prev": null,
                        "type": "text",
                      },
                    ],
                    "name": "div",
                    "next": Object {
                      "attribs": Object {
                        "class": "item",
                        "role": "option",
                      },
                      "children": Array [
                        Object {
                          "data": "First",
                          "next": null,
                          "parent": [Circular],
                          "prev": null,
                          "type": "text",
                        },
                      ],
                      "name": "div",
                      "next": null,
                      "parent": [Circular],
                      "prev": [Circular],
                      "type": "tag",
                    },
                    "parent": [Circular],
                    "prev": [Circular],
                    "type": "tag",
                  },
                  "parent": [Circular],
                  "prev": Object {
                    "attribs": Object {
                      "class": "item",
                      "role": "option",
                    },
                    "children": Array [
                      Object {
                        "data": "Economy",
                        "next": null,
                        "parent": [Circular],
                        "prev": null,
                        "type": "text",
                      },
                    ],
                    "name": "div",
                    "next": [Circular],
                    "parent": [Circular],
                    "prev": null,
                    "type": "tag",
                  },
                  "type": "tag",
                },
                Object {
                  "attribs": Object {
                    "class": "item",
                    "role": "option",
                  },
                  "children": Array [
                    Object {
                      "data": "Business",
                      "next": null,
                      "parent": [Circular],
                      "prev": null,
                      "type": "text",
                    },
                  ],
                  "name": "div",
                  "next": Object {
                    "attribs": Object {
                      "class": "item",
                      "role": "option",
                    },
                    "children": Array [
                      Object {
                        "data": "First",
                        "next": null,
                        "parent": [Circular],
                        "prev": null,
                        "type": "text",
                      },
                    ],
                    "name": "div",
                    "next": null,
                    "parent": [Circular],
                    "prev": [Circular],
                    "type": "tag",
                  },
                  "parent": [Circular],
                  "prev": Object {
                    "attribs": Object {
                      "class": "item",
                      "role": "option",
                    },
                    "children": Array [
                      Object {
                        "data": "Premium-Economy",
                        "next": null,
                        "parent": [Circular],
                        "prev": null,
                        "type": "text",
                      },
                    ],
                    "name": "div",
                    "next": [Circular],
                    "parent": [Circular],
                    "prev": Object {
                      "attribs": Object {
                        "class": "item",
                        "role": "option",
                      },
                      "children": Array [
                        Object {
                          "data": "Economy",
                          "next": null,
                          "parent": [Circular],
                          "prev": null,
                          "type": "text",
                        },
                      ],
                      "name": "div",
                      "next": [Circular],
                      "parent": [Circular],
                      "prev": null,
                      "type": "tag",
                    },
                    "type": "tag",
                  },
                  "type": "tag",
                },
                Object {
                  "attribs": Object {
                    "class": "item",
                    "role": "option",
                  },
                  "children": Array [
                    Object {
                      "data": "First",
                      "next": null,
                      "parent": [Circular],
                      "prev": null,
                      "type": "text",
                    },
                  ],
                  "name": "div",
                  "next": null,
                  "parent": [Circular],
                  "prev": Object {
                    "attribs": Object {
                      "class": "item",
                      "role": "option",
                    },
                    "children": Array [
                      Object {
                        "data": "Business",
                        "next": null,
                        "parent": [Circular],
                        "prev": null,
                        "type": "text",
                      },
                    ],
                    "name": "div",
                    "next": [Circular],
                    "parent": [Circular],
                    "prev": Object {
                      "attribs": Object {
                        "class": "item",
                        "role": "option",
                      },
                      "children": Array [
                        Object {
                          "data": "Premium-Economy",
                          "next": null,
                          "parent": [Circular],
                          "prev": null,
                          "type": "text",
                        },
                      ],
                      "name": "div",
                      "next": [Circular],
                      "parent": [Circular],
                      "prev": Object {
                        "attribs": Object {
                          "class": "item",
                          "role": "option",
                        },
                        "children": Array [
                          Object {
                            "data": "Economy",
                            "next": null,
                            "parent": [Circular],
                            "prev": null,
                            "type": "text",
                          },
                        ],
                        "name": "div",
                        "next": [Circular],
                        "parent": [Circular],
                        "prev": null,
                        "type": "tag",
                      },
                      "type": "tag",
                    },
                    "type": "tag",
                  },
                  "type": "tag",
                },
              ],
              "name": "div",
              "next": null,
              "parent": [Circular],
              "prev": [Circular],
              "type": "tag",
            },
            "parent": [Circular],
            "prev": Object {
              "attribs": Object {
                "class": "text",
              },
              "children": Array [
                Object {
                  "data": "Economy",
                  "next": null,
                  "parent": [Circular],
                  "prev": null,
                  "type": "text",
                },
              ],
              "name": "div",
              "next": [Circular],
              "parent": [Circular],
              "prev": null,
              "type": "tag",
            },
            "type": "tag",
          },
          Object {
            "attribs": Object {
              "class": "menu transition",
            },
            "children": Array [
              Object {
                "attribs": Object {
                  "class": "item",
                  "role": "option",
                },
                "children": Array [
                  Object {
                    "data": "Economy",
                    "next": null,
                    "parent": [Circular],
                    "prev": null,
                    "type": "text",
                  },
                ],
                "name": "div",
                "next": Object {
                  "attribs": Object {
                    "class": "item",
                    "role": "option",
                  },
                  "children": Array [
                    Object {
                      "data": "Premium-Economy",
                      "next": null,
                      "parent": [Circular],
                      "prev": null,
                      "type": "text",
                    },
                  ],
                  "name": "div",
                  "next": Object {
                    "attribs": Object {
                      "class": "item",
                      "role": "option",
                    },
                    "children": Array [
                      Object {
                        "data": "Business",
                        "next": null,
                        "parent": [Circular],
                        "prev": null,
                        "type": "text",
                      },
                    ],
                    "name": "div",
                    "next": Object {
                      "attribs": Object {
                        "class": "item",
                        "role": "option",
                      },
                      "children": Array [
                        Object {
                          "data": "First",
                          "next": null,
                          "parent": [Circular],
                          "prev": null,
                          "type": "text",
                        },
                      ],
                      "name": "div",
                      "next": null,
                      "parent": [Circular],
                      "prev": [Circular],
                      "type": "tag",
                    },
                    "parent": [Circular],
                    "prev": [Circular],
                    "type": "tag",
                  },
                  "parent": [Circular],
                  "prev": [Circular],
                  "type": "tag",
                },
                "parent": [Circular],
                "prev": null,
                "type": "tag",
              },
              Object {
                "attribs": Object {
                  "class": "item",
                  "role": "option",
                },
                "children": Array [
                  Object {
                    "data": "Premium-Economy",
                    "next": null,
                    "parent": [Circular],
                    "prev": null,
                    "type": "text",
                  },
                ],
                "name": "div",
                "next": Object {
                  "attribs": Object {
                    "class": "item",
                    "role": "option",
                  },
                  "children": Array [
                    Object {
                      "data": "Business",
                      "next": null,
                      "parent": [Circular],
                      "prev": null,
                      "type": "text",
                    },
                  ],
                  "name": "div",
                  "next": Object {
                    "attribs": Object {
                      "class": "item",
                      "role": "option",
                    },
                    "children": Array [
                      Object {
                        "data": "First",
                        "next": null,
                        "parent": [Circular],
                        "prev": null,
                        "type": "text",
                      },
                    ],
                    "name": "div",
                    "next": null,
                    "parent": [Circular],
                    "prev": [Circular],
                    "type": "tag",
                  },
                  "parent": [Circular],
                  "prev": [Circular],
                  "type": "tag",
                },
                "parent": [Circular],
                "prev": Object {
                  "attribs": Object {
                    "class": "item",
                    "role": "option",
                  },
                  "children": Array [
                    Object {
                      "data": "Economy",
                      "next": null,
                      "parent": [Circular],
                      "prev": null,
                      "type": "text",
                    },
                  ],
                  "name": "div",
                  "next": [Circular],
                  "parent": [Circular],
                  "prev": null,
                  "type": "tag",
                },
                "type": "tag",
              },
              Object {
                "attribs": Object {
                  "class": "item",
                  "role": "option",
                },
                "children": Array [
                  Object {
                    "data": "Business",
                    "next": null,
                    "parent": [Circular],
                    "prev": null,
                    "type": "text",
                  },
                ],
                "name": "div",
                "next": Object {
                  "attribs": Object {
                    "class": "item",
                    "role": "option",
                  },
                  "children": Array [
                    Object {
                      "data": "First",
                      "next": null,
                      "parent": [Circular],
                      "prev": null,
                      "type": "text",
                    },
                  ],
                  "name": "div",
                  "next": null,
                  "parent": [Circular],
                  "prev": [Circular],
                  "type": "tag",
                },
                "parent": [Circular],
                "prev": Object {
                  "attribs": Object {
                    "class": "item",
                    "role": "option",
                  },
                  "children": Array [
                    Object {
                      "data": "Premium-Economy",
                      "next": null,
                      "parent": [Circular],
                      "prev": null,
                      "type": "text",
                    },
                  ],
                  "name": "div",
                  "next": [Circular],
                  "parent": [Circular],
                  "prev": Object {
                    "attribs": Object {
                      "class": "item",
                      "role": "option",
                    },
                    "children": Array [
                      Object {
                        "data": "Economy",
                        "next": null,
                        "parent": [Circular],
                        "prev": null,
                        "type": "text",
                      },
                    ],
                    "name": "div",
                    "next": [Circular],
                    "parent": [Circular],
                    "prev": null,
                    "type": "tag",
                  },
                  "type": "tag",
                },
                "type": "tag",
              },
              Object {
                "attribs": Object {
                  "class": "item",
                  "role": "option",
                },
                "children": Array [
                  Object {
                    "data": "First",
                    "next": null,
                    "parent": [Circular],
                    "prev": null,
                    "type": "text",
                  },
                ],
                "name": "div",
                "next": null,
                "parent": [Circular],
                "prev": Object {
                  "attribs": Object {
                    "class": "item",
                    "role": "option",
                  },
                  "children": Array [
                    Object {
                      "data": "Business",
                      "next": null,
                      "parent": [Circular],
                      "prev": null,
                      "type": "text",
                    },
                  ],
                  "name": "div",
                  "next": [Circular],
                  "parent": [Circular],
                  "prev": Object {
                    "attribs": Object {
                      "class": "item",
                      "role": "option",
                    },
                    "children": Array [
                      Object {
                        "data": "Premium-Economy",
                        "next": null,
                        "parent": [Circular],
                        "prev": null,
                        "type": "text",
                      },
                    ],
                    "name": "div",
                    "next": [Circular],
                    "parent": [Circular],
                    "prev": Object {
                      "attribs": Object {
                        "class": "item",
                        "role": "option",
                      },
                      "children": Array [
                        Object {
                          "data": "Economy",
                          "next": null,
                          "parent": [Circular],
                          "prev": null,
                          "type": "text",
                        },
                      ],
                      "name": "div",
                      "next": [Circular],
                      "parent": [Circular],
                      "prev": null,
                      "type": "tag",
                    },
                    "type": "tag",
                  },
                  "type": "tag",
                },
                "type": "tag",
              },
            ],
            "name": "div",
            "next": null,
            "parent": [Circular],
            "prev": Object {
              "attribs": Object {
                "aria-hidden": "true",
                "class": "dropdown icon",
              },
              "children": Array [],
              "name": "i",
              "next": [Circular],
              "parent": [Circular],
              "prev": Object {
                "attribs": Object {
                  "class": "text",
                },
                "children": Array [
                  Object {
                    "data": "Economy",
                    "next": null,
                    "parent": [Circular],
                    "prev": null,
                    "type": "text",
                  },
                ],
                "name": "div",
                "next": [Circular],
                "parent": [Circular],
                "prev": null,
                "type": "tag",
              },
              "type": "tag",
            },
            "type": "tag",
          },
        ],
        "name": "div",
        "next": null,
        "parent": null,
        "prev": null,
        "root": [Circular],
        "type": "tag",
      },
    ],
    "name": "root",
    "next": null,
    "parent": null,
    "prev": null,
    "type": "root",
  },
  "_root": [Circular],
  "length": 1,
  "options": Object {
    "decodeEntities": true,
    "normalizeWhitespace": false,
    "withDomLvl1": true,
    "xmlMode": false,
  },
}
`;
