exports[`Rendering Booking  Should create an snapshot for Booking 1`] = `
ShallowWrapper {
  "complexSelector": ComplexSelector {
    "buildPredicate": [Function],
    "childrenOfNode": [Function],
    "findWhereUnwrapped": [Function],
  },
  "length": 1,
  "node": <Connect(Form(Booking))
    destroyOnUnmount={true}
    enableReinitialize={false}
    forceUnregisterOnUnmount={false}
    form="Booking"
    getFormState={[Function]}
    initialValues={undefined}
    keepDirtyOnReinitialize={false}
    persistentSubmitErrors={false}
    pure={true}
    shouldAsyncValidate={[Function]}
    shouldValidate={[Function]}
    touchOnBlur={true}
    touchOnChange={false} />,
  "nodes": Array [
    <Connect(Form(Booking))
      destroyOnUnmount={true}
      enableReinitialize={false}
      forceUnregisterOnUnmount={false}
      form="Booking"
      getFormState={[Function]}
      initialValues={undefined}
      keepDirtyOnReinitialize={false}
      persistentSubmitErrors={false}
      pure={true}
      shouldAsyncValidate={[Function]}
      shouldValidate={[Function]}
      touchOnBlur={true}
      touchOnChange={false} />,
  ],
  "options": Object {},
  "renderer": ReactShallowRenderer {
    "_instance": ShallowComponentWrapper {
      "_calledComponentWillUnmount": false,
      "_compositeType": 0,
      "_context": Object {},
      "_currentElement": <ReduxForm />,
      "_debugID": 1,
      "_hostContainerInfo": null,
      "_hostParent": null,
      "_instance": ReduxForm {
        "_reactInternalInstance": [Circular],
        "context": Object {},
        "props": Object {},
        "refs": Object {},
        "state": null,
        "updater": Object {
          "enqueueCallback": [Function],
          "enqueueCallbackInternal": [Function],
          "enqueueElementInternal": [Function],
          "enqueueForceUpdate": [Function],
          "enqueueReplaceState": [Function],
          "enqueueSetState": [Function],
          "isMounted": [Function],
          "validateCallback": [Function],
        },
      },
      "_mountOrder": 1,
      "_pendingCallbacks": null,
      "_pendingElement": null,
      "_pendingForceUpdate": false,
      "_pendingReplaceState": false,
      "_pendingStateQueue": null,
      "_renderedComponent": NoopInternalComponent {
        "_currentElement": <Connect(Form(Booking))
          destroyOnUnmount={true}
          enableReinitialize={false}
          forceUnregisterOnUnmount={false}
          form="Booking"
          getFormState={[Function]}
          initialValues={undefined}
          keepDirtyOnReinitialize={false}
          persistentSubmitErrors={false}
          pure={true}
          shouldAsyncValidate={[Function]}
          shouldValidate={[Function]}
          touchOnBlur={true}
          touchOnChange={false} />,
        "_debugID": 2,
        "_renderedOutput": <Connect(Form(Booking))
          destroyOnUnmount={true}
          enableReinitialize={false}
          forceUnregisterOnUnmount={false}
          form="Booking"
          getFormState={[Function]}
          initialValues={undefined}
          keepDirtyOnReinitialize={false}
          persistentSubmitErrors={false}
          pure={true}
          shouldAsyncValidate={[Function]}
          shouldValidate={[Function]}
          touchOnBlur={true}
          touchOnChange={false} />,
      },
      "_renderedNodeType": 1,
      "_rootNodeID": 0,
      "_topLevelWrapper": null,
      "_updateBatchNumber": null,
      "_warnedAboutRefsInRender": false,
    },
    "getRenderOutput": [Function],
    "render": [Function],
  },
  "root": [Circular],
  "unrendered": <ReduxForm />,
}
`;
