exports[`Rendering SummaryDescription  Should create an snapshot for SummaryDescription 1`] = `
ShallowWrapper {
  "complexSelector": ComplexSelector {
    "buildPredicate": [Function],
    "childrenOfNode": [Function],
    "findWhereUnwrapped": [Function],
  },
  "length": 1,
  "node": <Container
    text={true}>
    <Header
        as="h2">
        You are flying Aeromexico
    </Header>
    <Divider />
    <p>
        <strong>
            Hermosillo, SO, Mexico (HMO) to Tokyo, Japan (NRT)
        </strong>
        <br />
        <span
            style={
                Object {
                    "float": "right",
                  }
            }>
            <Icon
                as="i"
                color="orange"
                name="plane"
                size="huge" />
        </span>
        Aeromexico, round-trip, economy, 2 adults
    </p>
    <br />
    <p>
        Depart: Wed May 17 2017
        <br />
        Return: Fri May 26 2017
    </p>
</Container>,
  "nodes": Array [
    <Container
      text={true}>
      <Header
            as="h2">
            You are flying Aeromexico
      </Header>
      <Divider />
      <p>
            <strong>
                  Hermosillo, SO, Mexico (HMO) to Tokyo, Japan (NRT)
            </strong>
            <br />
            <span
                  style={
                        Object {
                              "float": "right",
                            }
                  }>
                  <Icon
                        as="i"
                        color="orange"
                        name="plane"
                        size="huge" />
            </span>
            Aeromexico, round-trip, economy, 2 adults
      </p>
      <br />
      <p>
            Depart: Wed May 17 2017
            <br />
            Return: Fri May 26 2017
      </p>
</Container>,
  ],
  "options": Object {},
  "renderer": ReactShallowRenderer {
    "_instance": ShallowComponentWrapper {
      "_calledComponentWillUnmount": false,
      "_compositeType": 2,
      "_context": Object {},
      "_currentElement": <SummaryDescription />,
      "_debugID": 1,
      "_hostContainerInfo": null,
      "_hostParent": null,
      "_instance": StatelessComponent {
        "_reactInternalInstance": [Circular],
        "context": Object {},
        "props": Object {},
        "refs": Object {},
        "state": null,
        "updater": Object {
          "enqueueCallback": [Function],
          "enqueueCallbackInternal": [Function],
          "enqueueElementInternal": [Function],
          "enqueueForceUpdate": [Function],
          "enqueueReplaceState": [Function],
          "enqueueSetState": [Function],
          "isMounted": [Function],
          "validateCallback": [Function],
        },
      },
      "_mountOrder": 1,
      "_pendingCallbacks": null,
      "_pendingElement": null,
      "_pendingForceUpdate": false,
      "_pendingReplaceState": false,
      "_pendingStateQueue": null,
      "_renderedComponent": NoopInternalComponent {
        "_currentElement": <Container
          text={true}>
          <Header
                    as="h2">
                    You are flying Aeromexico
          </Header>
          <Divider />
          <p>
                    <strong>
                              Hermosillo, SO, Mexico (HMO) to Tokyo, Japan (NRT)
                    </strong>
                    <br />
                    <span
                              style={
                                        Object {
                                                  "float": "right",
                                                }
                              }>
                              <Icon
                                        as="i"
                                        color="orange"
                                        name="plane"
                                        size="huge" />
                    </span>
                    Aeromexico, round-trip, economy, 2 adults
          </p>
          <br />
          <p>
                    Depart: Wed May 17 2017
                    <br />
                    Return: Fri May 26 2017
          </p>
</Container>,
        "_debugID": 2,
        "_renderedOutput": <Container
          text={true}>
          <Header
                    as="h2">
                    You are flying Aeromexico
          </Header>
          <Divider />
          <p>
                    <strong>
                              Hermosillo, SO, Mexico (HMO) to Tokyo, Japan (NRT)
                    </strong>
                    <br />
                    <span
                              style={
                                        Object {
                                                  "float": "right",
                                                }
                              }>
                              <Icon
                                        as="i"
                                        color="orange"
                                        name="plane"
                                        size="huge" />
                    </span>
                    Aeromexico, round-trip, economy, 2 adults
          </p>
          <br />
          <p>
                    Depart: Wed May 17 2017
                    <br />
                    Return: Fri May 26 2017
          </p>
</Container>,
      },
      "_renderedNodeType": 1,
      "_rootNodeID": 0,
      "_topLevelWrapper": null,
      "_updateBatchNumber": null,
      "_warnedAboutRefsInRender": false,
    },
    "getRenderOutput": [Function],
    "render": [Function],
  },
  "root": [Circular],
  "unrendered": <SummaryDescription />,
}
`;
