exports[`Rendering PassengerForm  Should create an snapshot for PassengerForm 1`] = `
ShallowWrapper {
  "complexSelector": ComplexSelector {
    "buildPredicate": [Function],
    "childrenOfNode": [Function],
    "findWhereUnwrapped": [Function],
  },
  "length": 1,
  "node": <FormSection
    component="div"
    name="Jhonatan Laguna">
    <div
        className="equal width fields">
        <Field
            component={[Function]}
            label="Name*"
            name="name"
            type="text"
            validate={
                Array [
                    [Function],
                    [Function],
                    [Function],
                    [Function],
                  ]
            } />
        <Field
            component={[Function]}
            label="Lastname*"
            name="lastname"
            type="text"
            validate={
                Array [
                    [Function],
                    [Function],
                    [Function],
                    [Function],
                  ]
            } />
    </div>
    <div
        className="equal width fields">
        <Field
            component={[Function]}
            label="Middle Name"
            name="middlename"
            type="text"
            validate={
                Array [
                    [Function],
                    [Function],
                    [Function],
                  ]
            } />
        <Field
            component={[Function]}
            label="Email*"
            name="email"
            type="email"
            validate={
                Array [
                    [Function],
                    [Function],
                    [Function],
                  ]
            } />
    </div>
    <div
        className="equal width fields">
        <div
            className="field">
            <Field
                component={[Function]}
                label="Gender*"
                name="gender"
                type="select"
                validate={[Function]}>
                <option />
                <option
                    value="1">
                    Male
                </option>
                <option
                    value="2">
                    Female
                </option>
            </Field>
        </div>
        <Field
            component={[Function]}
            label="Phone #*"
            name="phone"
            type="tel"
            validate={
                Array [
                    [Function],
                    [Function],
                    [Function],
                  ]
            } />
        <Field
            component={[Function]}
            label="Age*"
            name="age"
            type="number"
            validate={
                Array [
                    [Function],
                    [Function],
                    [Function],
                  ]
            } />
    </div>
    <div
        className="ui section divider" />
</FormSection>,
  "nodes": Array [
    <FormSection
      component="div"
      name="Jhonatan Laguna">
      <div
            className="equal width fields">
            <Field
                  component={[Function]}
                  label="Name*"
                  name="name"
                  type="text"
                  validate={
                        Array [
                              [Function],
                              [Function],
                              [Function],
                              [Function],
                            ]
                  } />
            <Field
                  component={[Function]}
                  label="Lastname*"
                  name="lastname"
                  type="text"
                  validate={
                        Array [
                              [Function],
                              [Function],
                              [Function],
                              [Function],
                            ]
                  } />
      </div>
      <div
            className="equal width fields">
            <Field
                  component={[Function]}
                  label="Middle Name"
                  name="middlename"
                  type="text"
                  validate={
                        Array [
                              [Function],
                              [Function],
                              [Function],
                            ]
                  } />
            <Field
                  component={[Function]}
                  label="Email*"
                  name="email"
                  type="email"
                  validate={
                        Array [
                              [Function],
                              [Function],
                              [Function],
                            ]
                  } />
      </div>
      <div
            className="equal width fields">
            <div
                  className="field">
                  <Field
                        component={[Function]}
                        label="Gender*"
                        name="gender"
                        type="select"
                        validate={[Function]}>
                        <option />
                        <option
                              value="1">
                              Male
                        </option>
                        <option
                              value="2">
                              Female
                        </option>
                  </Field>
            </div>
            <Field
                  component={[Function]}
                  label="Phone #*"
                  name="phone"
                  type="tel"
                  validate={
                        Array [
                              [Function],
                              [Function],
                              [Function],
                            ]
                  } />
            <Field
                  component={[Function]}
                  label="Age*"
                  name="age"
                  type="number"
                  validate={
                        Array [
                              [Function],
                              [Function],
                              [Function],
                            ]
                  } />
      </div>
      <div
            className="ui section divider" />
</FormSection>,
  ],
  "options": Object {},
  "renderer": ReactShallowRenderer {
    "_instance": ShallowComponentWrapper {
      "_calledComponentWillUnmount": false,
      "_compositeType": 0,
      "_context": Object {},
      "_currentElement": <PassengerForm
        name="Jhonatan Laguna" />,
      "_debugID": 1,
      "_hostContainerInfo": null,
      "_hostParent": null,
      "_instance": PassengerForm {
        "_reactInternalInstance": [Circular],
        "context": Object {},
        "props": Object {
          "name": "Jhonatan Laguna",
        },
        "refs": Object {},
        "state": null,
        "updater": Object {
          "enqueueCallback": [Function],
          "enqueueCallbackInternal": [Function],
          "enqueueElementInternal": [Function],
          "enqueueForceUpdate": [Function],
          "enqueueReplaceState": [Function],
          "enqueueSetState": [Function],
          "isMounted": [Function],
          "validateCallback": [Function],
        },
      },
      "_mountOrder": 1,
      "_pendingCallbacks": null,
      "_pendingElement": null,
      "_pendingForceUpdate": false,
      "_pendingReplaceState": false,
      "_pendingStateQueue": null,
      "_renderedComponent": NoopInternalComponent {
        "_currentElement": <FormSection
          component="div"
          name="Jhonatan Laguna">
          <div
                    className="equal width fields">
                    <Field
                              component={[Function]}
                              label="Name*"
                              name="name"
                              type="text"
                              validate={
                                        Array [
                                                  [Function],
                                                  [Function],
                                                  [Function],
                                                  [Function],
                                                ]
                              } />
                    <Field
                              component={[Function]}
                              label="Lastname*"
                              name="lastname"
                              type="text"
                              validate={
                                        Array [
                                                  [Function],
                                                  [Function],
                                                  [Function],
                                                  [Function],
                                                ]
                              } />
          </div>
          <div
                    className="equal width fields">
                    <Field
                              component={[Function]}
                              label="Middle Name"
                              name="middlename"
                              type="text"
                              validate={
                                        Array [
                                                  [Function],
                                                  [Function],
                                                  [Function],
                                                ]
                              } />
                    <Field
                              component={[Function]}
                              label="Email*"
                              name="email"
                              type="email"
                              validate={
                                        Array [
                                                  [Function],
                                                  [Function],
                                                  [Function],
                                                ]
                              } />
          </div>
          <div
                    className="equal width fields">
                    <div
                              className="field">
                              <Field
                                        component={[Function]}
                                        label="Gender*"
                                        name="gender"
                                        type="select"
                                        validate={[Function]}>
                                        <option />
                                        <option
                                                  value="1">
                                                  Male
                                        </option>
                                        <option
                                                  value="2">
                                                  Female
                                        </option>
                              </Field>
                    </div>
                    <Field
                              component={[Function]}
                              label="Phone #*"
                              name="phone"
                              type="tel"
                              validate={
                                        Array [
                                                  [Function],
                                                  [Function],
                                                  [Function],
                                                ]
                              } />
                    <Field
                              component={[Function]}
                              label="Age*"
                              name="age"
                              type="number"
                              validate={
                                        Array [
                                                  [Function],
                                                  [Function],
                                                  [Function],
                                                ]
                              } />
          </div>
          <div
                    className="ui section divider" />
</FormSection>,
        "_debugID": 2,
        "_renderedOutput": <FormSection
          component="div"
          name="Jhonatan Laguna">
          <div
                    className="equal width fields">
                    <Field
                              component={[Function]}
                              label="Name*"
                              name="name"
                              type="text"
                              validate={
                                        Array [
                                                  [Function],
                                                  [Function],
                                                  [Function],
                                                  [Function],
                                                ]
                              } />
                    <Field
                              component={[Function]}
                              label="Lastname*"
                              name="lastname"
                              type="text"
                              validate={
                                        Array [
                                                  [Function],
                                                  [Function],
                                                  [Function],
                                                  [Function],
                                                ]
                              } />
          </div>
          <div
                    className="equal width fields">
                    <Field
                              component={[Function]}
                              label="Middle Name"
                              name="middlename"
                              type="text"
                              validate={
                                        Array [
                                                  [Function],
                                                  [Function],
                                                  [Function],
                                                ]
                              } />
                    <Field
                              component={[Function]}
                              label="Email*"
                              name="email"
                              type="email"
                              validate={
                                        Array [
                                                  [Function],
                                                  [Function],
                                                  [Function],
                                                ]
                              } />
          </div>
          <div
                    className="equal width fields">
                    <div
                              className="field">
                              <Field
                                        component={[Function]}
                                        label="Gender*"
                                        name="gender"
                                        type="select"
                                        validate={[Function]}>
                                        <option />
                                        <option
                                                  value="1">
                                                  Male
                                        </option>
                                        <option
                                                  value="2">
                                                  Female
                                        </option>
                              </Field>
                    </div>
                    <Field
                              component={[Function]}
                              label="Phone #*"
                              name="phone"
                              type="tel"
                              validate={
                                        Array [
                                                  [Function],
                                                  [Function],
                                                  [Function],
                                                ]
                              } />
                    <Field
                              component={[Function]}
                              label="Age*"
                              name="age"
                              type="number"
                              validate={
                                        Array [
                                                  [Function],
                                                  [Function],
                                                  [Function],
                                                ]
                              } />
          </div>
          <div
                    className="ui section divider" />
</FormSection>,
      },
      "_renderedNodeType": 1,
      "_rootNodeID": 0,
      "_topLevelWrapper": null,
      "_updateBatchNumber": null,
      "_warnedAboutRefsInRender": false,
    },
    "getRenderOutput": [Function],
    "render": [Function],
  },
  "root": [Circular],
  "unrendered": <PassengerForm
    name="Jhonatan Laguna" />,
}
`;
