exports[`Rendering SummaryCard  Should create an snapshot for SummaryCard 1`] = `
ShallowWrapper {
  "complexSelector": ComplexSelector {
    "buildPredicate": [Function],
    "childrenOfNode": [Function],
    "findWhereUnwrapped": [Function],
  },
  "length": 1,
  "node": <Card
    className="orange fixed">
    <CardContent>
        <CardHeader>
            Summary
        </CardHeader>
        <CardMeta>
            Aeromexico, round-trip, economy, 2 adults
        </CardMeta>
    </CardContent>
    <CardContent>
        <p>
            Depart Wed 5/17:
            <br />
            HMO > NRT 5:39p-6:20a
            <br />
            Flight 713 > Flight 58
        </p>
        <br />
        <p>
            Return Fri 5/26:
            <br />
            NRT > HMO 2:25p – 5:04p
            <br />
            Flight 57 > Flight 706
        </p>
    </CardContent>
    <CardContent>
        <CardHeader>
            Charges
        </CardHeader>
    </CardContent>
    <CardContent>
        2 adults, economy 
        <span
            style={
                Object {
                    "float": "right",
                  }
            }>
            USD 1604.00
        </span>
    </CardContent>
    <CardContent>
        Taxes, Fees and Surcharges 
        <span
            style={
                Object {
                    "float": "right",
                  }
            }>
            USD 243.98
        </span>
    </CardContent>
    <CardContent>
        <CardHeader>
            Total Cost 
            <span
                style={
                    Object {
                        "float": "right",
                      }
                }>
                USD 1847.98
            </span>
        </CardHeader>
    </CardContent>
    <CardContent>
        Trip Protection
        <div
            className="right">
            Not Selected
        </div>
    </CardContent>
</Card>,
  "nodes": Array [
    <Card
      className="orange fixed">
      <CardContent>
            <CardHeader>
                  Summary
            </CardHeader>
            <CardMeta>
                  Aeromexico, round-trip, economy, 2 adults
            </CardMeta>
      </CardContent>
      <CardContent>
            <p>
                  Depart Wed 5/17:
                  <br />
                  HMO > NRT 5:39p-6:20a
                  <br />
                  Flight 713 > Flight 58
            </p>
            <br />
            <p>
                  Return Fri 5/26:
                  <br />
                  NRT > HMO 2:25p – 5:04p
                  <br />
                  Flight 57 > Flight 706
            </p>
      </CardContent>
      <CardContent>
            <CardHeader>
                  Charges
            </CardHeader>
      </CardContent>
      <CardContent>
            2 adults, economy 
            <span
                  style={
                        Object {
                              "float": "right",
                            }
                  }>
                  USD 1604.00
            </span>
      </CardContent>
      <CardContent>
            Taxes, Fees and Surcharges 
            <span
                  style={
                        Object {
                              "float": "right",
                            }
                  }>
                  USD 243.98
            </span>
      </CardContent>
      <CardContent>
            <CardHeader>
                  Total Cost 
                  <span
                        style={
                              Object {
                                    "float": "right",
                                  }
                        }>
                        USD 1847.98
                  </span>
            </CardHeader>
      </CardContent>
      <CardContent>
            Trip Protection
            <div
                  className="right">
                  Not Selected
            </div>
      </CardContent>
</Card>,
  ],
  "options": Object {},
  "renderer": ReactShallowRenderer {
    "_instance": ShallowComponentWrapper {
      "_calledComponentWillUnmount": false,
      "_compositeType": 2,
      "_context": Object {},
      "_currentElement": <SummaryCard />,
      "_debugID": 1,
      "_hostContainerInfo": null,
      "_hostParent": null,
      "_instance": StatelessComponent {
        "_reactInternalInstance": [Circular],
        "context": Object {},
        "props": Object {},
        "refs": Object {},
        "state": null,
        "updater": Object {
          "enqueueCallback": [Function],
          "enqueueCallbackInternal": [Function],
          "enqueueElementInternal": [Function],
          "enqueueForceUpdate": [Function],
          "enqueueReplaceState": [Function],
          "enqueueSetState": [Function],
          "isMounted": [Function],
          "validateCallback": [Function],
        },
      },
      "_mountOrder": 1,
      "_pendingCallbacks": null,
      "_pendingElement": null,
      "_pendingForceUpdate": false,
      "_pendingReplaceState": false,
      "_pendingStateQueue": null,
      "_renderedComponent": NoopInternalComponent {
        "_currentElement": <Card
          className="orange fixed">
          <CardContent>
                    <CardHeader>
                              Summary
                    </CardHeader>
                    <CardMeta>
                              Aeromexico, round-trip, economy, 2 adults
                    </CardMeta>
          </CardContent>
          <CardContent>
                    <p>
                              Depart Wed 5/17:
                              <br />
                              HMO > NRT 5:39p-6:20a
                              <br />
                              Flight 713 > Flight 58
                    </p>
                    <br />
                    <p>
                              Return Fri 5/26:
                              <br />
                              NRT > HMO 2:25p – 5:04p
                              <br />
                              Flight 57 > Flight 706
                    </p>
          </CardContent>
          <CardContent>
                    <CardHeader>
                              Charges
                    </CardHeader>
          </CardContent>
          <CardContent>
                    2 adults, economy 
                    <span
                              style={
                                        Object {
                                                  "float": "right",
                                                }
                              }>
                              USD 1604.00
                    </span>
          </CardContent>
          <CardContent>
                    Taxes, Fees and Surcharges 
                    <span
                              style={
                                        Object {
                                                  "float": "right",
                                                }
                              }>
                              USD 243.98
                    </span>
          </CardContent>
          <CardContent>
                    <CardHeader>
                              Total Cost 
                              <span
                                        style={
                                                  Object {
                                                            "float": "right",
                                                          }
                                        }>
                                        USD 1847.98
                              </span>
                    </CardHeader>
          </CardContent>
          <CardContent>
                    Trip Protection
                    <div
                              className="right">
                              Not Selected
                    </div>
          </CardContent>
</Card>,
        "_debugID": 2,
        "_renderedOutput": <Card
          className="orange fixed">
          <CardContent>
                    <CardHeader>
                              Summary
                    </CardHeader>
                    <CardMeta>
                              Aeromexico, round-trip, economy, 2 adults
                    </CardMeta>
          </CardContent>
          <CardContent>
                    <p>
                              Depart Wed 5/17:
                              <br />
                              HMO > NRT 5:39p-6:20a
                              <br />
                              Flight 713 > Flight 58
                    </p>
                    <br />
                    <p>
                              Return Fri 5/26:
                              <br />
                              NRT > HMO 2:25p – 5:04p
                              <br />
                              Flight 57 > Flight 706
                    </p>
          </CardContent>
          <CardContent>
                    <CardHeader>
                              Charges
                    </CardHeader>
          </CardContent>
          <CardContent>
                    2 adults, economy 
                    <span
                              style={
                                        Object {
                                                  "float": "right",
                                                }
                              }>
                              USD 1604.00
                    </span>
          </CardContent>
          <CardContent>
                    Taxes, Fees and Surcharges 
                    <span
                              style={
                                        Object {
                                                  "float": "right",
                                                }
                              }>
                              USD 243.98
                    </span>
          </CardContent>
          <CardContent>
                    <CardHeader>
                              Total Cost 
                              <span
                                        style={
                                                  Object {
                                                            "float": "right",
                                                          }
                                        }>
                                        USD 1847.98
                              </span>
                    </CardHeader>
          </CardContent>
          <CardContent>
                    Trip Protection
                    <div
                              className="right">
                              Not Selected
                    </div>
          </CardContent>
</Card>,
      },
      "_renderedNodeType": 1,
      "_rootNodeID": 0,
      "_topLevelWrapper": null,
      "_updateBatchNumber": null,
      "_warnedAboutRefsInRender": false,
    },
    "getRenderOutput": [Function],
    "render": [Function],
  },
  "root": [Circular],
  "unrendered": <SummaryCard />,
}
`;
